Copyright 1986-2020 Xilinx, Inc. All Rights Reserved.
--------------------------------------------------------------------------------------------------------------------------------------------------------------------------------------------------------------
| Tool Version : Vivado v.2020.1 (win64) Build 2902540 Wed May 27 19:54:49 MDT 2020
| Date         : Sat Apr 18 11:20:29 2026
| Host         : Amna running 64-bit major release  (build 9200)
| Command      : report_timing_summary -max_paths 10 -file ProcessorFPGA_timing_summary_routed.rpt -pb ProcessorFPGA_timing_summary_routed.pb -rpx ProcessorFPGA_timing_summary_routed.rpx -warn_on_violation
| Design       : ProcessorFPGA
| Device       : 7a35t-cpg236
| Speed File   : -1  PRODUCTION 1.23 2018-06-13
--------------------------------------------------------------------------------------------------------------------------------------------------------------------------------------------------------------

Timing Summary Report

------------------------------------------------------------------------------------------------
| Timer Settings
| --------------
------------------------------------------------------------------------------------------------

  Enable Multi Corner Analysis               :  Yes
  Enable Pessimism Removal                   :  Yes
  Pessimism Removal Resolution               :  Nearest Common Node
  Enable Input Delay Default Clock           :  No
  Enable Preset / Clear Arcs                 :  No
  Disable Flight Delays                      :  No
  Ignore I/O Paths                           :  No
  Timing Early Launch at Borrowing Latches   :  No
  Borrow Time for Max Delay Exceptions       :  Yes
  Merge Timing Exceptions                    :  Yes

  Corner  Analyze    Analyze    
  Name    Max Paths  Min Paths  
  ------  ---------  ---------  
  Slow    Yes        Yes        
  Fast    Yes        Yes        



check_timing report

Table of Contents
-----------------
1. checking no_clock (0)
2. checking constant_clock (0)
3. checking pulse_width_clock (0)
4. checking unconstrained_internal_endpoints (0)
5. checking no_input_delay (0)
6. checking no_output_delay (0)
7. checking multiple_clock (0)
8. checking generated_clocks (0)
9. checking loops (0)
10. checking partial_input_delay (0)
11. checking partial_output_delay (0)
12. checking latch_loops (0)

1. checking no_clock (0)
------------------------
 There are 0 register/latch pins with no clock.


2. checking constant_clock (0)
------------------------------
 There are 0 register/latch pins with constant_clock.


3. checking pulse_width_clock (0)
---------------------------------
 There are 0 register/latch pins which need pulse_width check


4. checking unconstrained_internal_endpoints (0)
------------------------------------------------
 There are 0 pins that are not constrained for maximum delay.

 There are 0 pins that are not constrained for maximum delay due to constant clock.


5. checking no_input_delay (0)
------------------------------
 There are 0 input ports with no input delay specified.

 There are 0 input ports with no input delay but user has a false path constraint.


6. checking no_output_delay (0)
-------------------------------
 There are 0 ports with no output delay specified.

 There are 0 ports with no output delay but user has a false path constraint

 There are 0 ports with no output delay but with a timing clock defined on it or propagating through it


7. checking multiple_clock (0)
------------------------------
 There are 0 register/latch pins with multiple clocks.


8. checking generated_clocks (0)
--------------------------------
 There are 0 generated clocks that are not connected to a clock source.


9. checking loops (0)
---------------------
 There are 0 combinational loops in the design.


10. checking partial_input_delay (0)
------------------------------------
 There are 0 input ports with partial input delay specified.


11. checking partial_output_delay (0)
-------------------------------------
 There are 0 ports with partial output delay specified.


12. checking latch_loops (0)
----------------------------
 There are 0 combinational latch loops in the design through latch input



------------------------------------------------------------------------------------------------
| Design Timing Summary
| ---------------------
------------------------------------------------------------------------------------------------

    WNS(ns)      TNS(ns)  TNS Failing Endpoints  TNS Total Endpoints      WHS(ns)      THS(ns)  THS Failing Endpoints  THS Total Endpoints     WPWS(ns)     TPWS(ns)  TPWS Failing Endpoints  TPWS Total Endpoints  
    -------      -------  ---------------------  -------------------      -------      -------  ---------------------  -------------------     --------     --------  ----------------------  --------------------  
      3.282        0.000                      0                  898        0.061        0.000                      0                  898        8.750        0.000                       0                   175  


All user specified timing constraints are met.


------------------------------------------------------------------------------------------------
| Clock Summary
| -------------
------------------------------------------------------------------------------------------------

Clock    Waveform(ns)       Period(ns)      Frequency(MHz)
-----    ------------       ----------      --------------
sys_clk  {0.000 10.000}     20.000          50.000          


------------------------------------------------------------------------------------------------
| Intra Clock Table
| -----------------
------------------------------------------------------------------------------------------------

Clock             WNS(ns)      TNS(ns)  TNS Failing Endpoints  TNS Total Endpoints      WHS(ns)      THS(ns)  THS Failing Endpoints  THS Total Endpoints     WPWS(ns)     TPWS(ns)  TPWS Failing Endpoints  TPWS Total Endpoints  
-----             -------      -------  ---------------------  -------------------      -------      -------  ---------------------  -------------------     --------     --------  ----------------------  --------------------  
sys_clk             3.282        0.000                      0                  898        0.061        0.000                      0                  898        8.750        0.000                       0                   175  


------------------------------------------------------------------------------------------------
| Inter Clock Table
| -----------------
------------------------------------------------------------------------------------------------

From Clock    To Clock          WNS(ns)      TNS(ns)  TNS Failing Endpoints  TNS Total Endpoints      WHS(ns)      THS(ns)  THS Failing Endpoints  THS Total Endpoints  
----------    --------          -------      -------  ---------------------  -------------------      -------      -------  ---------------------  -------------------  


------------------------------------------------------------------------------------------------
| Other Path Groups Table
| -----------------------
------------------------------------------------------------------------------------------------

Path Group    From Clock    To Clock          WNS(ns)      TNS(ns)  TNS Failing Endpoints  TNS Total Endpoints      WHS(ns)      THS(ns)  THS Failing Endpoints  THS Total Endpoints  
----------    ----------    --------          -------      -------  ---------------------  -------------------      -------      -------  ---------------------  -------------------  


------------------------------------------------------------------------------------------------
| Timing Details
| --------------
------------------------------------------------------------------------------------------------


---------------------------------------------------------------------------------------------------
From Clock:  sys_clk
  To Clock:  sys_clk

Setup :            0  Failing Endpoints,  Worst Slack        3.282ns,  Total Violation        0.000ns
Hold  :            0  Failing Endpoints,  Worst Slack        0.061ns,  Total Violation        0.000ns
PW    :            0  Failing Endpoints,  Worst Slack        8.750ns,  Total Violation        0.000ns
---------------------------------------------------------------------------------------------------


Max Delay Paths
--------------------------------------------------------------------------------------
Slack (MET) :             3.282ns  (required time - arrival time)
  Source:                 u_leds/leds_reg[15]/C
                            (rising edge-triggered cell FDRE clocked by sys_clk  {rise@0.000ns fall@10.000ns period=20.000ns})
  Destination:            led[15]
                            (output port clocked by sys_clk  {rise@0.000ns fall@10.000ns period=20.000ns})
  Path Group:             sys_clk
  Path Type:              Max at Slow Process Corner
  Requirement:            20.000ns  (sys_clk rise@20.000ns - sys_clk rise@0.000ns)
  Data Path Delay:        9.569ns  (logic 4.039ns (42.216%)  route 5.529ns (57.784%))
  Logic Levels:           1  (OBUF=1)
  Output Delay:           2.000ns
  Clock Path Skew:        -5.088ns (DCD - SCD + CPR)
    Destination Clock Delay (DCD):    0.000ns = ( 20.000 - 20.000 ) 
    Source Clock Delay      (SCD):    5.088ns
    Clock Pessimism Removal (CPR):    0.000ns
  Clock Uncertainty:      0.061ns  ((TSJ^2 + TIJ^2)^1/2 + DJ) / 2 + PE
    Total System Jitter     (TSJ):    0.071ns
    Total Input Jitter      (TIJ):    0.100ns
    Discrete Jitter          (DJ):    0.000ns
    Phase Error              (PE):    0.000ns

    Location             Delay type                Incr(ns)  Path(ns)    Netlist Resource(s)
  -------------------------------------------------------------------    -------------------
                         (clock sys_clk rise edge)    0.000     0.000 r  
    W5                                                0.000     0.000 r  clk (IN)
                         net (fo=0)                   0.000     0.000    clk
    W5                   IBUF (Prop_ibuf_I_O)         1.458     1.458 r  clk_IBUF_inst/O
                         net (fo=1, routed)           1.967     3.425    clk_IBUF
    BUFGCTRL_X0Y0        BUFG (Prop_bufg_I_O)         0.096     3.521 r  clk_IBUF_BUFG_inst/O
                         net (fo=174, routed)         1.567     5.088    u_leds/CLK
    SLICE_X10Y10         FDRE                                         r  u_leds/leds_reg[15]/C
  -------------------------------------------------------------------    -------------------
    SLICE_X10Y10         FDRE (Prop_fdre_C_Q)         0.518     5.606 r  u_leds/leds_reg[15]/Q
                         net (fo=1, routed)           5.529    11.135    led_OBUF[15]
    L1                   OBUF (Prop_obuf_I_O)         3.521    14.657 r  led_OBUF[15]_inst/O
                         net (fo=0)                   0.000    14.657    led[15]
    L1                                                                r  led[15] (OUT)
  -------------------------------------------------------------------    -------------------

                         (clock sys_clk rise edge)   20.000    20.000 r  
                         clock pessimism              0.000    20.000    
                         clock uncertainty           -0.061    19.939    
                         output delay                -2.000    17.939    
  -------------------------------------------------------------------
                         required time                         17.939    
                         arrival time                         -14.657    
  -------------------------------------------------------------------
                         slack                                  3.282    

Slack (MET) :             3.783ns  (required time - arrival time)
  Source:                 u_leds/leds_reg[13]/C
                            (rising edge-triggered cell FDRE clocked by sys_clk  {rise@0.000ns fall@10.000ns period=20.000ns})
  Destination:            led[13]
                            (output port clocked by sys_clk  {rise@0.000ns fall@10.000ns period=20.000ns})
  Path Group:             sys_clk
  Path Type:              Max at Slow Process Corner
  Requirement:            20.000ns  (sys_clk rise@20.000ns - sys_clk rise@0.000ns)
  Data Path Delay:        9.067ns  (logic 4.025ns (44.395%)  route 5.042ns (55.605%))
  Logic Levels:           1  (OBUF=1)
  Output Delay:           2.000ns
  Clock Path Skew:        -5.088ns (DCD - SCD + CPR)
    Destination Clock Delay (DCD):    0.000ns = ( 20.000 - 20.000 ) 
    Source Clock Delay      (SCD):    5.088ns
    Clock Pessimism Removal (CPR):    0.000ns
  Clock Uncertainty:      0.061ns  ((TSJ^2 + TIJ^2)^1/2 + DJ) / 2 + PE
    Total System Jitter     (TSJ):    0.071ns
    Total Input Jitter      (TIJ):    0.100ns
    Discrete Jitter          (DJ):    0.000ns
    Phase Error              (PE):    0.000ns

    Location             Delay type                Incr(ns)  Path(ns)    Netlist Resource(s)
  -------------------------------------------------------------------    -------------------
                         (clock sys_clk rise edge)    0.000     0.000 r  
    W5                                                0.000     0.000 r  clk (IN)
                         net (fo=0)                   0.000     0.000    clk
    W5                   IBUF (Prop_ibuf_I_O)         1.458     1.458 r  clk_IBUF_inst/O
                         net (fo=1, routed)           1.967     3.425    clk_IBUF
    BUFGCTRL_X0Y0        BUFG (Prop_bufg_I_O)         0.096     3.521 r  clk_IBUF_BUFG_inst/O
                         net (fo=174, routed)         1.567     5.088    u_leds/CLK
    SLICE_X10Y10         FDRE                                         r  u_leds/leds_reg[13]/C
  -------------------------------------------------------------------    -------------------
    SLICE_X10Y10         FDRE (Prop_fdre_C_Q)         0.518     5.606 r  u_leds/leds_reg[13]/Q
                         net (fo=1, routed)           5.042    10.648    led_OBUF[13]
    N3                   OBUF (Prop_obuf_I_O)         3.507    14.155 r  led_OBUF[13]_inst/O
                         net (fo=0)                   0.000    14.155    led[13]
    N3                                                                r  led[13] (OUT)
  -------------------------------------------------------------------    -------------------

                         (clock sys_clk rise edge)   20.000    20.000 r  
                         clock pessimism              0.000    20.000    
                         clock uncertainty           -0.061    19.939    
                         output delay                -2.000    17.939    
  -------------------------------------------------------------------
                         required time                         17.939    
                         arrival time                         -14.155    
  -------------------------------------------------------------------
                         slack                                  3.783    

Slack (MET) :             3.819ns  (required time - arrival time)
  Source:                 u_leds/leds_reg[12]/C
                            (rising edge-triggered cell FDRE clocked by sys_clk  {rise@0.000ns fall@10.000ns period=20.000ns})
  Destination:            led[12]
                            (output port clocked by sys_clk  {rise@0.000ns fall@10.000ns period=20.000ns})
  Path Group:             sys_clk
  Path Type:              Max at Slow Process Corner
  Requirement:            20.000ns  (sys_clk rise@20.000ns - sys_clk rise@0.000ns)
  Data Path Delay:        9.032ns  (logic 4.036ns (44.689%)  route 4.995ns (55.311%))
  Logic Levels:           1  (OBUF=1)
  Output Delay:           2.000ns
  Clock Path Skew:        -5.088ns (DCD - SCD + CPR)
    Destination Clock Delay (DCD):    0.000ns = ( 20.000 - 20.000 ) 
    Source Clock Delay      (SCD):    5.088ns
    Clock Pessimism Removal (CPR):    0.000ns
  Clock Uncertainty:      0.061ns  ((TSJ^2 + TIJ^2)^1/2 + DJ) / 2 + PE
    Total System Jitter     (TSJ):    0.071ns
    Total Input Jitter      (TIJ):    0.100ns
    Discrete Jitter          (DJ):    0.000ns
    Phase Error              (PE):    0.000ns

    Location             Delay type                Incr(ns)  Path(ns)    Netlist Resource(s)
  -------------------------------------------------------------------    -------------------
                         (clock sys_clk rise edge)    0.000     0.000 r  
    W5                                                0.000     0.000 r  clk (IN)
                         net (fo=0)                   0.000     0.000    clk
    W5                   IBUF (Prop_ibuf_I_O)         1.458     1.458 r  clk_IBUF_inst/O
                         net (fo=1, routed)           1.967     3.425    clk_IBUF
    BUFGCTRL_X0Y0        BUFG (Prop_bufg_I_O)         0.096     3.521 r  clk_IBUF_BUFG_inst/O
                         net (fo=174, routed)         1.567     5.088    u_leds/CLK
    SLICE_X10Y10         FDRE                                         r  u_leds/leds_reg[12]/C
  -------------------------------------------------------------------    -------------------
    SLICE_X10Y10         FDRE (Prop_fdre_C_Q)         0.518     5.606 r  u_leds/leds_reg[12]/Q
                         net (fo=1, routed)           4.995    10.602    led_OBUF[12]
    P3                   OBUF (Prop_obuf_I_O)         3.518    14.120 r  led_OBUF[12]_inst/O
                         net (fo=0)                   0.000    14.120    led[12]
    P3                                                                r  led[12] (OUT)
  -------------------------------------------------------------------    -------------------

                         (clock sys_clk rise edge)   20.000    20.000 r  
                         clock pessimism              0.000    20.000    
                         clock uncertainty           -0.061    19.939    
                         output delay                -2.000    17.939    
  -------------------------------------------------------------------
                         required time                         17.939    
                         arrival time                         -14.120    
  -------------------------------------------------------------------
                         slack                                  3.819    

Slack (MET) :             4.273ns  (required time - arrival time)
  Source:                 u_leds/leds_reg[14]/C
                            (rising edge-triggered cell FDRE clocked by sys_clk  {rise@0.000ns fall@10.000ns period=20.000ns})
  Destination:            led[14]
                            (output port clocked by sys_clk  {rise@0.000ns fall@10.000ns period=20.000ns})
  Path Group:             sys_clk
  Path Type:              Max at Slow Process Corner
  Requirement:            20.000ns  (sys_clk rise@20.000ns - sys_clk rise@0.000ns)
  Data Path Delay:        8.578ns  (logic 4.033ns (47.019%)  route 4.545ns (52.981%))
  Logic Levels:           1  (OBUF=1)
  Output Delay:           2.000ns
  Clock Path Skew:        -5.087ns (DCD - SCD + CPR)
    Destination Clock Delay (DCD):    0.000ns = ( 20.000 - 20.000 ) 
    Source Clock Delay      (SCD):    5.087ns
    Clock Pessimism Removal (CPR):    0.000ns
  Clock Uncertainty:      0.061ns  ((TSJ^2 + TIJ^2)^1/2 + DJ) / 2 + PE
    Total System Jitter     (TSJ):    0.071ns
    Total Input Jitter      (TIJ):    0.100ns
    Discrete Jitter          (DJ):    0.000ns
    Phase Error              (PE):    0.000ns

    Location             Delay type                Incr(ns)  Path(ns)    Netlist Resource(s)
  -------------------------------------------------------------------    -------------------
                         (clock sys_clk rise edge)    0.000     0.000 r  
    W5                                                0.000     0.000 r  clk (IN)
                         net (fo=0)                   0.000     0.000    clk
    W5                   IBUF (Prop_ibuf_I_O)         1.458     1.458 r  clk_IBUF_inst/O
                         net (fo=1, routed)           1.967     3.425    clk_IBUF
    BUFGCTRL_X0Y0        BUFG (Prop_bufg_I_O)         0.096     3.521 r  clk_IBUF_BUFG_inst/O
                         net (fo=174, routed)         1.566     5.087    u_leds/CLK
    SLICE_X10Y11         FDRE                                         r  u_leds/leds_reg[14]/C
  -------------------------------------------------------------------    -------------------
    SLICE_X10Y11         FDRE (Prop_fdre_C_Q)         0.518     5.605 r  u_leds/leds_reg[14]/Q
                         net (fo=1, routed)           4.545    10.150    led_OBUF[14]
    P1                   OBUF (Prop_obuf_I_O)         3.515    13.665 r  led_OBUF[14]_inst/O
                         net (fo=0)                   0.000    13.665    led[14]
    P1                                                                r  led[14] (OUT)
  -------------------------------------------------------------------    -------------------

                         (clock sys_clk rise edge)   20.000    20.000 r  
                         clock pessimism              0.000    20.000    
                         clock uncertainty           -0.061    19.939    
                         output delay                -2.000    17.939    
  -------------------------------------------------------------------
                         required time                         17.939    
                         arrival time                         -13.665    
  -------------------------------------------------------------------
                         slack                                  4.273    

Slack (MET) :             4.696ns  (required time - arrival time)
  Source:                 u_processor/u_pc/PC_reg[5]/C
                            (rising edge-triggered cell FDRE clocked by sys_clk  {rise@0.000ns fall@10.000ns period=20.000ns})
  Destination:            u_processor/u_pc/PC_reg[6]/D
                            (rising edge-triggered cell FDRE clocked by sys_clk  {rise@0.000ns fall@10.000ns period=20.000ns})
  Path Group:             sys_clk
  Path Type:              Setup (Max at Slow Process Corner)
  Requirement:            20.000ns  (sys_clk rise@20.000ns - sys_clk rise@0.000ns)
  Data Path Delay:        15.305ns  (logic 3.741ns (24.443%)  route 11.564ns (75.557%))
  Logic Levels:           18  (CARRY4=2 LUT2=1 LUT5=1 LUT6=13 RAMD32=1)
  Clock Path Skew:        0.000ns (DCD - SCD + CPR)
    Destination Clock Delay (DCD):    4.858ns = ( 24.858 - 20.000 ) 
    Source Clock Delay      (SCD):    5.157ns
    Clock Pessimism Removal (CPR):    0.299ns
  Clock Uncertainty:      0.061ns  ((TSJ^2 + TIJ^2)^1/2 + DJ) / 2 + PE
    Total System Jitter     (TSJ):    0.071ns
    Total Input Jitter      (TIJ):    0.100ns
    Discrete Jitter          (DJ):    0.000ns
    Phase Error              (PE):    0.000ns

    Location             Delay type                Incr(ns)  Path(ns)    Netlist Resource(s)
  -------------------------------------------------------------------    -------------------
                         (clock sys_clk rise edge)    0.000     0.000 r  
    W5                                                0.000     0.000 r  clk (IN)
                         net (fo=0)                   0.000     0.000    clk
    W5                   IBUF (Prop_ibuf_I_O)         1.458     1.458 r  clk_IBUF_inst/O
                         net (fo=1, routed)           1.967     3.425    clk_IBUF
    BUFGCTRL_X0Y0        BUFG (Prop_bufg_I_O)         0.096     3.521 r  clk_IBUF_BUFG_inst/O
                         net (fo=174, routed)         1.636     5.157    u_processor/u_pc/CLK
    SLICE_X3Y10          FDRE                                         r  u_processor/u_pc/PC_reg[5]/C
  -------------------------------------------------------------------    -------------------
    SLICE_X3Y10          FDRE (Prop_fdre_C_Q)         0.456     5.613 r  u_processor/u_pc/PC_reg[5]/Q
                         net (fo=153, routed)         1.283     6.896    u_processor/u_pc/PC_reg[5]_0[3]
    SLICE_X1Y5           LUT5 (Prop_lut5_I1_O)        0.152     7.048 r  u_processor/u_pc/regs_reg_r1_0_31_0_5_i_12/O
                         net (fo=36, routed)          1.683     8.731    u_processor/u_regfile/regs_reg_r1_0_31_6_11/ADDRA0
    SLICE_X10Y4          RAMD32 (Prop_ramd32_RADR0_O)
                                                      0.352     9.083 f  u_processor/u_regfile/regs_reg_r1_0_31_6_11/RAMA/O
                         net (fo=2, routed)           1.200    10.283    u_processor/u_pc/ReadData10[6]
    SLICE_X7Y2           LUT6 (Prop_lut6_I0_O)        0.328    10.611 f  u_processor/u_pc/mem_reg_i_53/O
                         net (fo=2, routed)           1.003    11.614    u_processor/u_pc/mem_reg_i_53_n_0
    SLICE_X6Y3           LUT6 (Prop_lut6_I1_O)        0.124    11.738 f  u_processor/u_pc/mem_reg_i_48/O
                         net (fo=3, routed)           0.521    12.259    u_processor/u_pc/mem_reg_i_48_n_0
    SLICE_X9Y3           LUT6 (Prop_lut6_I0_O)        0.124    12.383 f  u_processor/u_pc/regs_reg_r1_0_31_12_17_i_34/O
                         net (fo=1, routed)           0.301    12.684    u_processor/u_pc/regs_reg_r1_0_31_12_17_i_34_n_0
    SLICE_X11Y3          LUT6 (Prop_lut6_I4_O)        0.124    12.808 r  u_processor/u_pc/regs_reg_r1_0_31_12_17_i_16/O
                         net (fo=3, routed)           0.789    13.597    u_processor/u_pc/regs_reg_r1_0_31_12_17_i_16_n_0
    SLICE_X11Y9          LUT6 (Prop_lut6_I4_O)        0.124    13.721 f  u_processor/u_pc/regs_reg_r1_0_31_12_17_i_40/O
                         net (fo=1, routed)           0.304    14.025    u_processor/u_pc/regs_reg_r1_0_31_12_17_i_40_n_0
    SLICE_X9Y9           LUT6 (Prop_lut6_I5_O)        0.124    14.149 f  u_processor/u_pc/regs_reg_r1_0_31_12_17_i_25/O
                         net (fo=3, routed)           0.431    14.580    u_processor/u_pc/regs_reg_r1_0_31_12_17_i_25_n_0
    SLICE_X9Y7           LUT6 (Prop_lut6_I3_O)        0.124    14.704 r  u_processor/u_pc/regs_reg_r1_0_31_18_23_i_33/O
                         net (fo=1, routed)           0.683    15.387    u_processor/u_pc/regs_reg_r1_0_31_18_23_i_33_n_0
    SLICE_X6Y4           LUT6 (Prop_lut6_I1_O)        0.124    15.511 f  u_processor/u_pc/regs_reg_r1_0_31_18_23_i_27/O
                         net (fo=3, routed)           0.464    15.975    u_processor/u_pc/regs_reg_r1_0_31_18_23_i_27_n_0
    SLICE_X5Y6           LUT6 (Prop_lut6_I1_O)        0.124    16.099 r  u_processor/u_pc/regs_reg_r1_0_31_24_29_i_37/O
                         net (fo=1, routed)           0.446    16.545    u_processor/u_pc/regs_reg_r1_0_31_24_29_i_37_n_0
    SLICE_X1Y8           LUT6 (Prop_lut6_I3_O)        0.124    16.669 f  u_processor/u_pc/regs_reg_r1_0_31_24_29_i_30/O
                         net (fo=3, routed)           0.312    16.981    u_processor/u_pc/regs_reg_r1_0_31_24_29_i_30_n_0
    SLICE_X1Y9           LUT6 (Prop_lut6_I5_O)        0.124    17.105 r  u_processor/u_pc/regs_reg_r1_0_31_30_31_i_10/O
                         net (fo=5, routed)           0.499    17.605    u_processor/u_pc/regs_reg_r1_0_31_30_31_i_10_n_0
    SLICE_X2Y11          LUT6 (Prop_lut6_I1_O)        0.124    17.729 r  u_processor/u_pc/PC[0]_i_11/O
                         net (fo=1, routed)           0.667    18.396    u_processor/u_pc/PC[0]_i_11_n_0
    SLICE_X2Y11          LUT2 (Prop_lut2_I0_O)        0.124    18.520 r  u_processor/u_pc/PC[0]_i_4/O
                         net (fo=8, routed)           0.639    19.159    u_processor/u_pc/PC[0]_i_4_n_0
    SLICE_X4Y9           LUT6 (Prop_lut6_I5_O)        0.124    19.283 r  u_processor/u_pc/PC[1]_i_2/O
                         net (fo=1, routed)           0.338    19.621    u_processor/u_pc/PC[1]_i_2_n_0
    SLICE_X3Y9           CARRY4 (Prop_carry4_DI[1]_CO[3])
                                                      0.507    20.128 r  u_processor/u_pc/PC_reg[1]_i_1/CO[3]
                         net (fo=1, routed)           0.000    20.128    u_processor/u_pc/PC_reg[1]_i_1_n_0
    SLICE_X3Y10          CARRY4 (Prop_carry4_CI_O[1])
                                                      0.334    20.462 r  u_processor/u_pc/PC_reg[5]_i_1/O[1]
                         net (fo=1, routed)           0.000    20.462    u_processor/u_pc/PC_reg[5]_i_1_n_6
    SLICE_X3Y10          FDRE                                         r  u_processor/u_pc/PC_reg[6]/D
  -------------------------------------------------------------------    -------------------

                         (clock sys_clk rise edge)   20.000    20.000 r  
    W5                                                0.000    20.000 r  clk (IN)
                         net (fo=0)                   0.000    20.000    clk
    W5                   IBUF (Prop_ibuf_I_O)         1.388    21.388 r  clk_IBUF_inst/O
                         net (fo=1, routed)           1.862    23.250    clk_IBUF
    BUFGCTRL_X0Y0        BUFG (Prop_bufg_I_O)         0.091    23.341 r  clk_IBUF_BUFG_inst/O
                         net (fo=174, routed)         1.517    24.858    u_processor/u_pc/CLK
    SLICE_X3Y10          FDRE                                         r  u_processor/u_pc/PC_reg[6]/C
                         clock pessimism              0.299    25.157    
                         clock uncertainty           -0.061    25.096    
    SLICE_X3Y10          FDRE (Setup_fdre_C_D)        0.062    25.158    u_processor/u_pc/PC_reg[6]
  -------------------------------------------------------------------
                         required time                         25.158    
                         arrival time                         -20.462    
  -------------------------------------------------------------------
                         slack                                  4.696    

Slack (MET) :             4.767ns  (required time - arrival time)
  Source:                 u_leds/leds_reg[9]/C
                            (rising edge-triggered cell FDRE clocked by sys_clk  {rise@0.000ns fall@10.000ns period=20.000ns})
  Destination:            led[9]
                            (output port clocked by sys_clk  {rise@0.000ns fall@10.000ns period=20.000ns})
  Path Group:             sys_clk
  Path Type:              Max at Slow Process Corner
  Requirement:            20.000ns  (sys_clk rise@20.000ns - sys_clk rise@0.000ns)
  Data Path Delay:        8.084ns  (logic 4.026ns (49.802%)  route 4.058ns (50.198%))
  Logic Levels:           1  (OBUF=1)
  Output Delay:           2.000ns
  Clock Path Skew:        -5.087ns (DCD - SCD + CPR)
    Destination Clock Delay (DCD):    0.000ns = ( 20.000 - 20.000 ) 
    Source Clock Delay      (SCD):    5.087ns
    Clock Pessimism Removal (CPR):    0.000ns
  Clock Uncertainty:      0.061ns  ((TSJ^2 + TIJ^2)^1/2 + DJ) / 2 + PE
    Total System Jitter     (TSJ):    0.071ns
    Total Input Jitter      (TIJ):    0.100ns
    Discrete Jitter          (DJ):    0.000ns
    Phase Error              (PE):    0.000ns

    Location             Delay type                Incr(ns)  Path(ns)    Netlist Resource(s)
  -------------------------------------------------------------------    -------------------
                         (clock sys_clk rise edge)    0.000     0.000 r  
    W5                                                0.000     0.000 r  clk (IN)
                         net (fo=0)                   0.000     0.000    clk
    W5                   IBUF (Prop_ibuf_I_O)         1.458     1.458 r  clk_IBUF_inst/O
                         net (fo=1, routed)           1.967     3.425    clk_IBUF
    BUFGCTRL_X0Y0        BUFG (Prop_bufg_I_O)         0.096     3.521 r  clk_IBUF_BUFG_inst/O
                         net (fo=174, routed)         1.566     5.087    u_leds/CLK
    SLICE_X10Y11         FDRE                                         r  u_leds/leds_reg[9]/C
  -------------------------------------------------------------------    -------------------
    SLICE_X10Y11         FDRE (Prop_fdre_C_Q)         0.518     5.605 r  u_leds/leds_reg[9]/Q
                         net (fo=1, routed)           4.058     9.664    led_OBUF[9]
    V3                   OBUF (Prop_obuf_I_O)         3.508    13.172 r  led_OBUF[9]_inst/O
                         net (fo=0)                   0.000    13.172    led[9]
    V3                                                                r  led[9] (OUT)
  -------------------------------------------------------------------    -------------------

                         (clock sys_clk rise edge)   20.000    20.000 r  
                         clock pessimism              0.000    20.000    
                         clock uncertainty           -0.061    19.939    
                         output delay                -2.000    17.939    
  -------------------------------------------------------------------
                         required time                         17.939    
                         arrival time                         -13.172    
  -------------------------------------------------------------------
                         slack                                  4.767    

Slack (MET) :             4.807ns  (required time - arrival time)
  Source:                 u_processor/u_pc/PC_reg[5]/C
                            (rising edge-triggered cell FDRE clocked by sys_clk  {rise@0.000ns fall@10.000ns period=20.000ns})
  Destination:            u_processor/u_pc/PC_reg[5]/D
                            (rising edge-triggered cell FDRE clocked by sys_clk  {rise@0.000ns fall@10.000ns period=20.000ns})
  Path Group:             sys_clk
  Path Type:              Setup (Max at Slow Process Corner)
  Requirement:            20.000ns  (sys_clk rise@20.000ns - sys_clk rise@0.000ns)
  Data Path Delay:        15.194ns  (logic 3.630ns (23.891%)  route 11.564ns (76.109%))
  Logic Levels:           18  (CARRY4=2 LUT2=1 LUT5=1 LUT6=13 RAMD32=1)
  Clock Path Skew:        0.000ns (DCD - SCD + CPR)
    Destination Clock Delay (DCD):    4.858ns = ( 24.858 - 20.000 ) 
    Source Clock Delay      (SCD):    5.157ns
    Clock Pessimism Removal (CPR):    0.299ns
  Clock Uncertainty:      0.061ns  ((TSJ^2 + TIJ^2)^1/2 + DJ) / 2 + PE
    Total System Jitter     (TSJ):    0.071ns
    Total Input Jitter      (TIJ):    0.100ns
    Discrete Jitter          (DJ):    0.000ns
    Phase Error              (PE):    0.000ns

    Location             Delay type                Incr(ns)  Path(ns)    Netlist Resource(s)
  -------------------------------------------------------------------    -------------------
                         (clock sys_clk rise edge)    0.000     0.000 r  
    W5                                                0.000     0.000 r  clk (IN)
                         net (fo=0)                   0.000     0.000    clk
    W5                   IBUF (Prop_ibuf_I_O)         1.458     1.458 r  clk_IBUF_inst/O
                         net (fo=1, routed)           1.967     3.425    clk_IBUF
    BUFGCTRL_X0Y0        BUFG (Prop_bufg_I_O)         0.096     3.521 r  clk_IBUF_BUFG_inst/O
                         net (fo=174, routed)         1.636     5.157    u_processor/u_pc/CLK
    SLICE_X3Y10          FDRE                                         r  u_processor/u_pc/PC_reg[5]/C
  -------------------------------------------------------------------    -------------------
    SLICE_X3Y10          FDRE (Prop_fdre_C_Q)         0.456     5.613 r  u_processor/u_pc/PC_reg[5]/Q
                         net (fo=153, routed)         1.283     6.896    u_processor/u_pc/PC_reg[5]_0[3]
    SLICE_X1Y5           LUT5 (Prop_lut5_I1_O)        0.152     7.048 r  u_processor/u_pc/regs_reg_r1_0_31_0_5_i_12/O
                         net (fo=36, routed)          1.683     8.731    u_processor/u_regfile/regs_reg_r1_0_31_6_11/ADDRA0
    SLICE_X10Y4          RAMD32 (Prop_ramd32_RADR0_O)
                                                      0.352     9.083 f  u_processor/u_regfile/regs_reg_r1_0_31_6_11/RAMA/O
                         net (fo=2, routed)           1.200    10.283    u_processor/u_pc/ReadData10[6]
    SLICE_X7Y2           LUT6 (Prop_lut6_I0_O)        0.328    10.611 f  u_processor/u_pc/mem_reg_i_53/O
                         net (fo=2, routed)           1.003    11.614    u_processor/u_pc/mem_reg_i_53_n_0
    SLICE_X6Y3           LUT6 (Prop_lut6_I1_O)        0.124    11.738 f  u_processor/u_pc/mem_reg_i_48/O
                         net (fo=3, routed)           0.521    12.259    u_processor/u_pc/mem_reg_i_48_n_0
    SLICE_X9Y3           LUT6 (Prop_lut6_I0_O)        0.124    12.383 f  u_processor/u_pc/regs_reg_r1_0_31_12_17_i_34/O
                         net (fo=1, routed)           0.301    12.684    u_processor/u_pc/regs_reg_r1_0_31_12_17_i_34_n_0
    SLICE_X11Y3          LUT6 (Prop_lut6_I4_O)        0.124    12.808 r  u_processor/u_pc/regs_reg_r1_0_31_12_17_i_16/O
                         net (fo=3, routed)           0.789    13.597    u_processor/u_pc/regs_reg_r1_0_31_12_17_i_16_n_0
    SLICE_X11Y9          LUT6 (Prop_lut6_I4_O)        0.124    13.721 f  u_processor/u_pc/regs_reg_r1_0_31_12_17_i_40/O
                         net (fo=1, routed)           0.304    14.025    u_processor/u_pc/regs_reg_r1_0_31_12_17_i_40_n_0
    SLICE_X9Y9           LUT6 (Prop_lut6_I5_O)        0.124    14.149 f  u_processor/u_pc/regs_reg_r1_0_31_12_17_i_25/O
                         net (fo=3, routed)           0.431    14.580    u_processor/u_pc/regs_reg_r1_0_31_12_17_i_25_n_0
    SLICE_X9Y7           LUT6 (Prop_lut6_I3_O)        0.124    14.704 r  u_processor/u_pc/regs_reg_r1_0_31_18_23_i_33/O
                         net (fo=1, routed)           0.683    15.387    u_processor/u_pc/regs_reg_r1_0_31_18_23_i_33_n_0
    SLICE_X6Y4           LUT6 (Prop_lut6_I1_O)        0.124    15.511 f  u_processor/u_pc/regs_reg_r1_0_31_18_23_i_27/O
                         net (fo=3, routed)           0.464    15.975    u_processor/u_pc/regs_reg_r1_0_31_18_23_i_27_n_0
    SLICE_X5Y6           LUT6 (Prop_lut6_I1_O)        0.124    16.099 r  u_processor/u_pc/regs_reg_r1_0_31_24_29_i_37/O
                         net (fo=1, routed)           0.446    16.545    u_processor/u_pc/regs_reg_r1_0_31_24_29_i_37_n_0
    SLICE_X1Y8           LUT6 (Prop_lut6_I3_O)        0.124    16.669 f  u_processor/u_pc/regs_reg_r1_0_31_24_29_i_30/O
                         net (fo=3, routed)           0.312    16.981    u_processor/u_pc/regs_reg_r1_0_31_24_29_i_30_n_0
    SLICE_X1Y9           LUT6 (Prop_lut6_I5_O)        0.124    17.105 r  u_processor/u_pc/regs_reg_r1_0_31_30_31_i_10/O
                         net (fo=5, routed)           0.499    17.605    u_processor/u_pc/regs_reg_r1_0_31_30_31_i_10_n_0
    SLICE_X2Y11          LUT6 (Prop_lut6_I1_O)        0.124    17.729 r  u_processor/u_pc/PC[0]_i_11/O
                         net (fo=1, routed)           0.667    18.396    u_processor/u_pc/PC[0]_i_11_n_0
    SLICE_X2Y11          LUT2 (Prop_lut2_I0_O)        0.124    18.520 r  u_processor/u_pc/PC[0]_i_4/O
                         net (fo=8, routed)           0.639    19.159    u_processor/u_pc/PC[0]_i_4_n_0
    SLICE_X4Y9           LUT6 (Prop_lut6_I5_O)        0.124    19.283 r  u_processor/u_pc/PC[1]_i_2/O
                         net (fo=1, routed)           0.338    19.621    u_processor/u_pc/PC[1]_i_2_n_0
    SLICE_X3Y9           CARRY4 (Prop_carry4_DI[1]_CO[3])
                                                      0.507    20.128 r  u_processor/u_pc/PC_reg[1]_i_1/CO[3]
                         net (fo=1, routed)           0.000    20.128    u_processor/u_pc/PC_reg[1]_i_1_n_0
    SLICE_X3Y10          CARRY4 (Prop_carry4_CI_O[0])
                                                      0.223    20.351 r  u_processor/u_pc/PC_reg[5]_i_1/O[0]
                         net (fo=1, routed)           0.000    20.351    u_processor/u_pc/PC_reg[5]_i_1_n_7
    SLICE_X3Y10          FDRE                                         r  u_processor/u_pc/PC_reg[5]/D
  -------------------------------------------------------------------    -------------------

                         (clock sys_clk rise edge)   20.000    20.000 r  
    W5                                                0.000    20.000 r  clk (IN)
                         net (fo=0)                   0.000    20.000    clk
    W5                   IBUF (Prop_ibuf_I_O)         1.388    21.388 r  clk_IBUF_inst/O
                         net (fo=1, routed)           1.862    23.250    clk_IBUF
    BUFGCTRL_X0Y0        BUFG (Prop_bufg_I_O)         0.091    23.341 r  clk_IBUF_BUFG_inst/O
                         net (fo=174, routed)         1.517    24.858    u_processor/u_pc/CLK
    SLICE_X3Y10          FDRE                                         r  u_processor/u_pc/PC_reg[5]/C
                         clock pessimism              0.299    25.157    
                         clock uncertainty           -0.061    25.096    
    SLICE_X3Y10          FDRE (Setup_fdre_C_D)        0.062    25.158    u_processor/u_pc/PC_reg[5]
  -------------------------------------------------------------------
                         required time                         25.158    
                         arrival time                         -20.351    
  -------------------------------------------------------------------
                         slack                                  4.807    

Slack (MET) :             4.897ns  (required time - arrival time)
  Source:                 u_leds/leds_reg[10]/C
                            (rising edge-triggered cell FDRE clocked by sys_clk  {rise@0.000ns fall@10.000ns period=20.000ns})
  Destination:            led[10]
                            (output port clocked by sys_clk  {rise@0.000ns fall@10.000ns period=20.000ns})
  Path Group:             sys_clk
  Path Type:              Max at Slow Process Corner
  Requirement:            20.000ns  (sys_clk rise@20.000ns - sys_clk rise@0.000ns)
  Data Path Delay:        7.955ns  (logic 4.043ns (50.829%)  route 3.911ns (49.171%))
  Logic Levels:           1  (OBUF=1)
  Output Delay:           2.000ns
  Clock Path Skew:        -5.087ns (DCD - SCD + CPR)
    Destination Clock Delay (DCD):    0.000ns = ( 20.000 - 20.000 ) 
    Source Clock Delay      (SCD):    5.087ns
    Clock Pessimism Removal (CPR):    0.000ns
  Clock Uncertainty:      0.061ns  ((TSJ^2 + TIJ^2)^1/2 + DJ) / 2 + PE
    Total System Jitter     (TSJ):    0.071ns
    Total Input Jitter      (TIJ):    0.100ns
    Discrete Jitter          (DJ):    0.000ns
    Phase Error              (PE):    0.000ns

    Location             Delay type                Incr(ns)  Path(ns)    Netlist Resource(s)
  -------------------------------------------------------------------    -------------------
                         (clock sys_clk rise edge)    0.000     0.000 r  
    W5                                                0.000     0.000 r  clk (IN)
                         net (fo=0)                   0.000     0.000    clk
    W5                   IBUF (Prop_ibuf_I_O)         1.458     1.458 r  clk_IBUF_inst/O
                         net (fo=1, routed)           1.967     3.425    clk_IBUF
    BUFGCTRL_X0Y0        BUFG (Prop_bufg_I_O)         0.096     3.521 r  clk_IBUF_BUFG_inst/O
                         net (fo=174, routed)         1.566     5.087    u_leds/CLK
    SLICE_X10Y11         FDRE                                         r  u_leds/leds_reg[10]/C
  -------------------------------------------------------------------    -------------------
    SLICE_X10Y11         FDRE (Prop_fdre_C_Q)         0.518     5.605 r  u_leds/leds_reg[10]/Q
                         net (fo=1, routed)           3.911     9.517    led_OBUF[10]
    W3                   OBUF (Prop_obuf_I_O)         3.525    13.042 r  led_OBUF[10]_inst/O
                         net (fo=0)                   0.000    13.042    led[10]
    W3                                                                r  led[10] (OUT)
  -------------------------------------------------------------------    -------------------

                         (clock sys_clk rise edge)   20.000    20.000 r  
                         clock pessimism              0.000    20.000    
                         clock uncertainty           -0.061    19.939    
                         output delay                -2.000    17.939    
  -------------------------------------------------------------------
                         required time                         17.939    
                         arrival time                         -13.042    
  -------------------------------------------------------------------
                         slack                                  4.897    

Slack (MET) :             4.916ns  (required time - arrival time)
  Source:                 u_processor/u_pc/PC_reg[5]/C
                            (rising edge-triggered cell FDRE clocked by sys_clk  {rise@0.000ns fall@10.000ns period=20.000ns})
  Destination:            u_processor/u_pc/PC_reg[4]/D
                            (rising edge-triggered cell FDRE clocked by sys_clk  {rise@0.000ns fall@10.000ns period=20.000ns})
  Path Group:             sys_clk
  Path Type:              Setup (Max at Slow Process Corner)
  Requirement:            20.000ns  (sys_clk rise@20.000ns - sys_clk rise@0.000ns)
  Data Path Delay:        15.060ns  (logic 3.496ns (23.214%)  route 11.564ns (76.786%))
  Logic Levels:           17  (CARRY4=1 LUT2=1 LUT5=1 LUT6=13 RAMD32=1)
  Clock Path Skew:        -0.025ns (DCD - SCD + CPR)
    Destination Clock Delay (DCD):    4.858ns = ( 24.858 - 20.000 ) 
    Source Clock Delay      (SCD):    5.157ns
    Clock Pessimism Removal (CPR):    0.274ns
  Clock Uncertainty:      0.061ns  ((TSJ^2 + TIJ^2)^1/2 + DJ) / 2 + PE
    Total System Jitter     (TSJ):    0.071ns
    Total Input Jitter      (TIJ):    0.100ns
    Discrete Jitter          (DJ):    0.000ns
    Phase Error              (PE):    0.000ns

    Location             Delay type                Incr(ns)  Path(ns)    Netlist Resource(s)
  -------------------------------------------------------------------    -------------------
                         (clock sys_clk rise edge)    0.000     0.000 r  
    W5                                                0.000     0.000 r  clk (IN)
                         net (fo=0)                   0.000     0.000    clk
    W5                   IBUF (Prop_ibuf_I_O)         1.458     1.458 r  clk_IBUF_inst/O
                         net (fo=1, routed)           1.967     3.425    clk_IBUF
    BUFGCTRL_X0Y0        BUFG (Prop_bufg_I_O)         0.096     3.521 r  clk_IBUF_BUFG_inst/O
                         net (fo=174, routed)         1.636     5.157    u_processor/u_pc/CLK
    SLICE_X3Y10          FDRE                                         r  u_processor/u_pc/PC_reg[5]/C
  -------------------------------------------------------------------    -------------------
    SLICE_X3Y10          FDRE (Prop_fdre_C_Q)         0.456     5.613 r  u_processor/u_pc/PC_reg[5]/Q
                         net (fo=153, routed)         1.283     6.896    u_processor/u_pc/PC_reg[5]_0[3]
    SLICE_X1Y5           LUT5 (Prop_lut5_I1_O)        0.152     7.048 r  u_processor/u_pc/regs_reg_r1_0_31_0_5_i_12/O
                         net (fo=36, routed)          1.683     8.731    u_processor/u_regfile/regs_reg_r1_0_31_6_11/ADDRA0
    SLICE_X10Y4          RAMD32 (Prop_ramd32_RADR0_O)
                                                      0.352     9.083 f  u_processor/u_regfile/regs_reg_r1_0_31_6_11/RAMA/O
                         net (fo=2, routed)           1.200    10.283    u_processor/u_pc/ReadData10[6]
    SLICE_X7Y2           LUT6 (Prop_lut6_I0_O)        0.328    10.611 f  u_processor/u_pc/mem_reg_i_53/O
                         net (fo=2, routed)           1.003    11.614    u_processor/u_pc/mem_reg_i_53_n_0
    SLICE_X6Y3           LUT6 (Prop_lut6_I1_O)        0.124    11.738 f  u_processor/u_pc/mem_reg_i_48/O
                         net (fo=3, routed)           0.521    12.259    u_processor/u_pc/mem_reg_i_48_n_0
    SLICE_X9Y3           LUT6 (Prop_lut6_I0_O)        0.124    12.383 f  u_processor/u_pc/regs_reg_r1_0_31_12_17_i_34/O
                         net (fo=1, routed)           0.301    12.684    u_processor/u_pc/regs_reg_r1_0_31_12_17_i_34_n_0
    SLICE_X11Y3          LUT6 (Prop_lut6_I4_O)        0.124    12.808 r  u_processor/u_pc/regs_reg_r1_0_31_12_17_i_16/O
                         net (fo=3, routed)           0.789    13.597    u_processor/u_pc/regs_reg_r1_0_31_12_17_i_16_n_0
    SLICE_X11Y9          LUT6 (Prop_lut6_I4_O)        0.124    13.721 f  u_processor/u_pc/regs_reg_r1_0_31_12_17_i_40/O
                         net (fo=1, routed)           0.304    14.025    u_processor/u_pc/regs_reg_r1_0_31_12_17_i_40_n_0
    SLICE_X9Y9           LUT6 (Prop_lut6_I5_O)        0.124    14.149 f  u_processor/u_pc/regs_reg_r1_0_31_12_17_i_25/O
                         net (fo=3, routed)           0.431    14.580    u_processor/u_pc/regs_reg_r1_0_31_12_17_i_25_n_0
    SLICE_X9Y7           LUT6 (Prop_lut6_I3_O)        0.124    14.704 r  u_processor/u_pc/regs_reg_r1_0_31_18_23_i_33/O
                         net (fo=1, routed)           0.683    15.387    u_processor/u_pc/regs_reg_r1_0_31_18_23_i_33_n_0
    SLICE_X6Y4           LUT6 (Prop_lut6_I1_O)        0.124    15.511 f  u_processor/u_pc/regs_reg_r1_0_31_18_23_i_27/O
                         net (fo=3, routed)           0.464    15.975    u_processor/u_pc/regs_reg_r1_0_31_18_23_i_27_n_0
    SLICE_X5Y6           LUT6 (Prop_lut6_I1_O)        0.124    16.099 r  u_processor/u_pc/regs_reg_r1_0_31_24_29_i_37/O
                         net (fo=1, routed)           0.446    16.545    u_processor/u_pc/regs_reg_r1_0_31_24_29_i_37_n_0
    SLICE_X1Y8           LUT6 (Prop_lut6_I3_O)        0.124    16.669 f  u_processor/u_pc/regs_reg_r1_0_31_24_29_i_30/O
                         net (fo=3, routed)           0.312    16.981    u_processor/u_pc/regs_reg_r1_0_31_24_29_i_30_n_0
    SLICE_X1Y9           LUT6 (Prop_lut6_I5_O)        0.124    17.105 r  u_processor/u_pc/regs_reg_r1_0_31_30_31_i_10/O
                         net (fo=5, routed)           0.499    17.605    u_processor/u_pc/regs_reg_r1_0_31_30_31_i_10_n_0
    SLICE_X2Y11          LUT6 (Prop_lut6_I1_O)        0.124    17.729 r  u_processor/u_pc/PC[0]_i_11/O
                         net (fo=1, routed)           0.667    18.396    u_processor/u_pc/PC[0]_i_11_n_0
    SLICE_X2Y11          LUT2 (Prop_lut2_I0_O)        0.124    18.520 r  u_processor/u_pc/PC[0]_i_4/O
                         net (fo=8, routed)           0.639    19.159    u_processor/u_pc/PC[0]_i_4_n_0
    SLICE_X4Y9           LUT6 (Prop_lut6_I5_O)        0.124    19.283 r  u_processor/u_pc/PC[1]_i_2/O
                         net (fo=1, routed)           0.338    19.621    u_processor/u_pc/PC[1]_i_2_n_0
    SLICE_X3Y9           CARRY4 (Prop_carry4_DI[1]_O[3])
                                                      0.596    20.217 r  u_processor/u_pc/PC_reg[1]_i_1/O[3]
                         net (fo=1, routed)           0.000    20.217    u_processor/u_pc/PC_reg[1]_i_1_n_4
    SLICE_X3Y9           FDRE                                         r  u_processor/u_pc/PC_reg[4]/D
  -------------------------------------------------------------------    -------------------

                         (clock sys_clk rise edge)   20.000    20.000 r  
    W5                                                0.000    20.000 r  clk (IN)
                         net (fo=0)                   0.000    20.000    clk
    W5                   IBUF (Prop_ibuf_I_O)         1.388    21.388 r  clk_IBUF_inst/O
                         net (fo=1, routed)           1.862    23.250    clk_IBUF
    BUFGCTRL_X0Y0        BUFG (Prop_bufg_I_O)         0.091    23.341 r  clk_IBUF_BUFG_inst/O
                         net (fo=174, routed)         1.517    24.858    u_processor/u_pc/CLK
    SLICE_X3Y9           FDRE                                         r  u_processor/u_pc/PC_reg[4]/C
                         clock pessimism              0.274    25.132    
                         clock uncertainty           -0.061    25.071    
    SLICE_X3Y9           FDRE (Setup_fdre_C_D)        0.062    25.133    u_processor/u_pc/PC_reg[4]
  -------------------------------------------------------------------
                         required time                         25.133    
                         arrival time                         -20.217    
  -------------------------------------------------------------------
                         slack                                  4.916    

Slack (MET) :             4.959ns  (required time - arrival time)
  Source:                 u_leds/leds_reg[11]/C
                            (rising edge-triggered cell FDRE clocked by sys_clk  {rise@0.000ns fall@10.000ns period=20.000ns})
  Destination:            led[11]
                            (output port clocked by sys_clk  {rise@0.000ns fall@10.000ns period=20.000ns})
  Path Group:             sys_clk
  Path Type:              Max at Slow Process Corner
  Requirement:            20.000ns  (sys_clk rise@20.000ns - sys_clk rise@0.000ns)
  Data Path Delay:        7.891ns  (logic 4.022ns (50.963%)  route 3.870ns (49.037%))
  Logic Levels:           1  (OBUF=1)
  Output Delay:           2.000ns
  Clock Path Skew:        -5.088ns (DCD - SCD + CPR)
    Destination Clock Delay (DCD):    0.000ns = ( 20.000 - 20.000 ) 
    Source Clock Delay      (SCD):    5.088ns
    Clock Pessimism Removal (CPR):    0.000ns
  Clock Uncertainty:      0.061ns  ((TSJ^2 + TIJ^2)^1/2 + DJ) / 2 + PE
    Total System Jitter     (TSJ):    0.071ns
    Total Input Jitter      (TIJ):    0.100ns
    Discrete Jitter          (DJ):    0.000ns
    Phase Error              (PE):    0.000ns

    Location             Delay type                Incr(ns)  Path(ns)    Netlist Resource(s)
  -------------------------------------------------------------------    -------------------
                         (clock sys_clk rise edge)    0.000     0.000 r  
    W5                                                0.000     0.000 r  clk (IN)
                         net (fo=0)                   0.000     0.000    clk
    W5                   IBUF (Prop_ibuf_I_O)         1.458     1.458 r  clk_IBUF_inst/O
                         net (fo=1, routed)           1.967     3.425    clk_IBUF
    BUFGCTRL_X0Y0        BUFG (Prop_bufg_I_O)         0.096     3.521 r  clk_IBUF_BUFG_inst/O
                         net (fo=174, routed)         1.567     5.088    u_leds/CLK
    SLICE_X10Y10         FDRE                                         r  u_leds/leds_reg[11]/C
  -------------------------------------------------------------------    -------------------
    SLICE_X10Y10         FDRE (Prop_fdre_C_Q)         0.518     5.606 r  u_leds/leds_reg[11]/Q
                         net (fo=1, routed)           3.870     9.476    led_OBUF[11]
    U3                   OBUF (Prop_obuf_I_O)         3.504    12.980 r  led_OBUF[11]_inst/O
                         net (fo=0)                   0.000    12.980    led[11]
    U3                                                                r  led[11] (OUT)
  -------------------------------------------------------------------    -------------------

                         (clock sys_clk rise edge)   20.000    20.000 r  
                         clock pessimism              0.000    20.000    
                         clock uncertainty           -0.061    19.939    
                         output delay                -2.000    17.939    
  -------------------------------------------------------------------
                         required time                         17.939    
                         arrival time                         -12.980    
  -------------------------------------------------------------------
                         slack                                  4.959    





Min Delay Paths
--------------------------------------------------------------------------------------
Slack (MET) :             0.061ns  (arrival time - required time)
  Source:                 sw[10]
                            (input port clocked by sys_clk  {rise@0.000ns fall@10.000ns period=20.000ns})
  Destination:            u_switches/sync_stage1_reg[10]/D
                            (rising edge-triggered cell FDRE clocked by sys_clk  {rise@0.000ns fall@10.000ns period=20.000ns})
  Path Group:             sys_clk
  Path Type:              Hold (Min at Slow Process Corner)
  Requirement:            0.000ns  (sys_clk rise@0.000ns - sys_clk rise@0.000ns)
  Data Path Delay:        4.901ns  (logic 1.388ns (28.312%)  route 3.513ns (71.688%))
  Logic Levels:           1  (IBUF=1)
  Input Delay:            0.500ns
  Clock Path Skew:        5.082ns (DCD - SCD - CPR)
    Destination Clock Delay (DCD):    5.082ns
    Source Clock Delay      (SCD):    0.000ns
    Clock Pessimism Removal (CPR):    -0.000ns
  Clock Uncertainty:      0.061ns  ((TSJ^2 + TIJ^2)^1/2 + DJ) / 2 + PE
    Total System Jitter     (TSJ):    0.071ns
    Total Input Jitter      (TIJ):    0.100ns
    Discrete Jitter          (DJ):    0.000ns
    Phase Error              (PE):    0.000ns

    Location             Delay type                Incr(ns)  Path(ns)    Netlist Resource(s)
  -------------------------------------------------------------------    -------------------
                         (clock sys_clk rise edge)    0.000     0.000 r  
                         input delay                  0.500     0.500    
    T2                                                0.000     0.500 r  sw[10] (IN)
                         net (fo=0)                   0.000     0.500    sw[10]
    T2                   IBUF (Prop_ibuf_I_O)         1.388     1.888 r  sw_IBUF[10]_inst/O
                         net (fo=1, routed)           3.513     5.401    u_switches/D[10]
    SLICE_X11Y16         FDRE                                         r  u_switches/sync_stage1_reg[10]/D
  -------------------------------------------------------------------    -------------------

                         (clock sys_clk rise edge)    0.000     0.000 r  
    W5                                                0.000     0.000 r  clk (IN)
                         net (fo=0)                   0.000     0.000    clk
    W5                   IBUF (Prop_ibuf_I_O)         1.458     1.458 r  clk_IBUF_inst/O
                         net (fo=1, routed)           1.967     3.425    clk_IBUF
    BUFGCTRL_X0Y0        BUFG (Prop_bufg_I_O)         0.096     3.521 r  clk_IBUF_BUFG_inst/O
                         net (fo=174, routed)         1.561     5.082    u_switches/CLK
    SLICE_X11Y16         FDRE                                         r  u_switches/sync_stage1_reg[10]/C
                         clock pessimism              0.000     5.082    
                         clock uncertainty            0.061     5.144    
    SLICE_X11Y16         FDRE (Hold_fdre_C_D)         0.196     5.340    u_switches/sync_stage1_reg[10]
  -------------------------------------------------------------------
                         required time                         -5.340    
                         arrival time                           5.401    
  -------------------------------------------------------------------
                         slack                                  0.061    

Slack (MET) :             0.079ns  (arrival time - required time)
  Source:                 sw[13]
                            (input port clocked by sys_clk  {rise@0.000ns fall@10.000ns period=20.000ns})
  Destination:            u_switches/sync_stage1_reg[13]/D
                            (rising edge-triggered cell FDRE clocked by sys_clk  {rise@0.000ns fall@10.000ns period=20.000ns})
  Path Group:             sys_clk
  Path Type:              Hold (Min at Slow Process Corner)
  Requirement:            0.000ns  (sys_clk rise@0.000ns - sys_clk rise@0.000ns)
  Data Path Delay:        4.965ns  (logic 1.383ns (27.844%)  route 3.583ns (72.156%))
  Logic Levels:           1  (IBUF=1)
  Input Delay:            0.500ns
  Clock Path Skew:        5.082ns (DCD - SCD - CPR)
    Destination Clock Delay (DCD):    5.082ns
    Source Clock Delay      (SCD):    0.000ns
    Clock Pessimism Removal (CPR):    -0.000ns
  Clock Uncertainty:      0.061ns  ((TSJ^2 + TIJ^2)^1/2 + DJ) / 2 + PE
    Total System Jitter     (TSJ):    0.071ns
    Total Input Jitter      (TIJ):    0.100ns
    Discrete Jitter          (DJ):    0.000ns
    Phase Error              (PE):    0.000ns

    Location             Delay type                Incr(ns)  Path(ns)    Netlist Resource(s)
  -------------------------------------------------------------------    -------------------
                         (clock sys_clk rise edge)    0.000     0.000 r  
                         input delay                  0.500     0.500    
    U1                                                0.000     0.500 r  sw[13] (IN)
                         net (fo=0)                   0.000     0.500    sw[13]
    U1                   IBUF (Prop_ibuf_I_O)         1.383     1.883 r  sw_IBUF[13]_inst/O
                         net (fo=1, routed)           3.583     5.465    u_switches/D[13]
    SLICE_X10Y16         FDRE                                         r  u_switches/sync_stage1_reg[13]/D
  -------------------------------------------------------------------    -------------------

                         (clock sys_clk rise edge)    0.000     0.000 r  
    W5                                                0.000     0.000 r  clk (IN)
                         net (fo=0)                   0.000     0.000    clk
    W5                   IBUF (Prop_ibuf_I_O)         1.458     1.458 r  clk_IBUF_inst/O
                         net (fo=1, routed)           1.967     3.425    clk_IBUF
    BUFGCTRL_X0Y0        BUFG (Prop_bufg_I_O)         0.096     3.521 r  clk_IBUF_BUFG_inst/O
                         net (fo=174, routed)         1.561     5.082    u_switches/CLK
    SLICE_X10Y16         FDRE                                         r  u_switches/sync_stage1_reg[13]/C
                         clock pessimism              0.000     5.082    
                         clock uncertainty            0.061     5.144    
    SLICE_X10Y16         FDRE (Hold_fdre_C_D)         0.243     5.387    u_switches/sync_stage1_reg[13]
  -------------------------------------------------------------------
                         required time                         -5.387    
                         arrival time                           5.465    
  -------------------------------------------------------------------
                         slack                                  0.079    

Slack (MET) :             0.134ns  (arrival time - required time)
  Source:                 rst_raw
                            (input port clocked by sys_clk  {rise@0.000ns fall@10.000ns period=20.000ns})
  Destination:            u_debounce/prev_in_reg/D
                            (rising edge-triggered cell FDRE clocked by sys_clk  {rise@0.000ns fall@10.000ns period=20.000ns})
  Path Group:             sys_clk
  Path Type:              Hold (Min at Slow Process Corner)
  Requirement:            0.000ns  (sys_clk rise@0.000ns - sys_clk rise@0.000ns)
  Data Path Delay:        5.048ns  (logic 1.371ns (27.164%)  route 3.676ns (72.836%))
  Logic Levels:           1  (IBUF=1)
  Input Delay:            0.500ns
  Clock Path Skew:        5.160ns (DCD - SCD - CPR)
    Destination Clock Delay (DCD):    5.160ns
    Source Clock Delay      (SCD):    0.000ns
    Clock Pessimism Removal (CPR):    -0.000ns
  Clock Uncertainty:      0.061ns  ((TSJ^2 + TIJ^2)^1/2 + DJ) / 2 + PE
    Total System Jitter     (TSJ):    0.071ns
    Total Input Jitter      (TIJ):    0.100ns
    Discrete Jitter          (DJ):    0.000ns
    Phase Error              (PE):    0.000ns

    Location             Delay type                Incr(ns)  Path(ns)    Netlist Resource(s)
  -------------------------------------------------------------------    -------------------
                         (clock sys_clk rise edge)    0.000     0.000 r  
                         input delay                  0.500     0.500    
    U18                                               0.000     0.500 r  rst_raw (IN)
                         net (fo=0)                   0.000     0.500    rst_raw
    U18                  IBUF (Prop_ibuf_I_O)         1.371     1.871 r  rst_raw_IBUF_inst/O
                         net (fo=3, routed)           3.676     5.548    u_debounce/rst_raw_IBUF
    SLICE_X1Y2           FDRE                                         r  u_debounce/prev_in_reg/D
  -------------------------------------------------------------------    -------------------

                         (clock sys_clk rise edge)    0.000     0.000 r  
    W5                                                0.000     0.000 r  clk (IN)
                         net (fo=0)                   0.000     0.000    clk
    W5                   IBUF (Prop_ibuf_I_O)         1.458     1.458 r  clk_IBUF_inst/O
                         net (fo=1, routed)           1.967     3.425    clk_IBUF
    BUFGCTRL_X0Y0        BUFG (Prop_bufg_I_O)         0.096     3.521 r  clk_IBUF_BUFG_inst/O
                         net (fo=174, routed)         1.639     5.160    u_debounce/CLK
    SLICE_X1Y2           FDRE                                         r  u_debounce/prev_in_reg/C
                         clock pessimism              0.000     5.160    
                         clock uncertainty            0.061     5.222    
    SLICE_X1Y2           FDRE (Hold_fdre_C_D)         0.192     5.414    u_debounce/prev_in_reg
  -------------------------------------------------------------------
                         required time                         -5.414    
                         arrival time                           5.548    
  -------------------------------------------------------------------
                         slack                                  0.134    

Slack (MET) :             0.136ns  (arrival time - required time)
  Source:                 rst_raw
                            (input port clocked by sys_clk  {rise@0.000ns fall@10.000ns period=20.000ns})
  Destination:            u_debounce/pbout_reg/D
                            (rising edge-triggered cell FDRE clocked by sys_clk  {rise@0.000ns fall@10.000ns period=20.000ns})
  Path Group:             sys_clk
  Path Type:              Hold (Min at Slow Process Corner)
  Requirement:            0.000ns  (sys_clk rise@0.000ns - sys_clk rise@0.000ns)
  Data Path Delay:        5.125ns  (logic 1.471ns (28.703%)  route 3.654ns (71.297%))
  Logic Levels:           2  (IBUF=1 LUT4=1)
  Input Delay:            0.500ns
  Clock Path Skew:        5.159ns (DCD - SCD - CPR)
    Destination Clock Delay (DCD):    5.159ns
    Source Clock Delay      (SCD):    0.000ns
    Clock Pessimism Removal (CPR):    -0.000ns
  Clock Uncertainty:      0.061ns  ((TSJ^2 + TIJ^2)^1/2 + DJ) / 2 + PE
    Total System Jitter     (TSJ):    0.071ns
    Total Input Jitter      (TIJ):    0.100ns
    Discrete Jitter          (DJ):    0.000ns
    Phase Error              (PE):    0.000ns

    Location             Delay type                Incr(ns)  Path(ns)    Netlist Resource(s)
  -------------------------------------------------------------------    -------------------
                         (clock sys_clk rise edge)    0.000     0.000 r  
                         input delay                  0.500     0.500    
    U18                                               0.000     0.500 r  rst_raw (IN)
                         net (fo=0)                   0.000     0.500    rst_raw
    U18                  IBUF (Prop_ibuf_I_O)         1.371     1.871 r  rst_raw_IBUF_inst/O
                         net (fo=3, routed)           3.654     5.525    u_debounce/rst_raw_IBUF
    SLICE_X1Y3           LUT4 (Prop_lut4_I2_O)        0.100     5.625 r  u_debounce/pbout_i_1/O
                         net (fo=1, routed)           0.000     5.625    u_debounce/pbout_i_1_n_0
    SLICE_X1Y3           FDRE                                         r  u_debounce/pbout_reg/D
  -------------------------------------------------------------------    -------------------

                         (clock sys_clk rise edge)    0.000     0.000 r  
    W5                                                0.000     0.000 r  clk (IN)
                         net (fo=0)                   0.000     0.000    clk
    W5                   IBUF (Prop_ibuf_I_O)         1.458     1.458 r  clk_IBUF_inst/O
                         net (fo=1, routed)           1.967     3.425    clk_IBUF
    BUFGCTRL_X0Y0        BUFG (Prop_bufg_I_O)         0.096     3.521 r  clk_IBUF_BUFG_inst/O
                         net (fo=174, routed)         1.638     5.159    u_debounce/CLK
    SLICE_X1Y3           FDRE                                         r  u_debounce/pbout_reg/C
                         clock pessimism              0.000     5.159    
                         clock uncertainty            0.061     5.221    
    SLICE_X1Y3           FDRE (Hold_fdre_C_D)         0.269     5.490    u_debounce/pbout_reg
  -------------------------------------------------------------------
                         required time                         -5.490    
                         arrival time                           5.625    
  -------------------------------------------------------------------
                         slack                                  0.136    

Slack (MET) :             0.154ns  (arrival time - required time)
  Source:                 sw[9]
                            (input port clocked by sys_clk  {rise@0.000ns fall@10.000ns period=20.000ns})
  Destination:            u_switches/sync_stage1_reg[9]/D
                            (rising edge-triggered cell FDRE clocked by sys_clk  {rise@0.000ns fall@10.000ns period=20.000ns})
  Path Group:             sys_clk
  Path Type:              Hold (Min at Slow Process Corner)
  Requirement:            0.000ns  (sys_clk rise@0.000ns - sys_clk rise@0.000ns)
  Data Path Delay:        5.044ns  (logic 1.382ns (27.398%)  route 3.662ns (72.602%))
  Logic Levels:           1  (IBUF=1)
  Input Delay:            0.500ns
  Clock Path Skew:        5.082ns (DCD - SCD - CPR)
    Destination Clock Delay (DCD):    5.082ns
    Source Clock Delay      (SCD):    0.000ns
    Clock Pessimism Removal (CPR):    -0.000ns
  Clock Uncertainty:      0.061ns  ((TSJ^2 + TIJ^2)^1/2 + DJ) / 2 + PE
    Total System Jitter     (TSJ):    0.071ns
    Total Input Jitter      (TIJ):    0.100ns
    Discrete Jitter          (DJ):    0.000ns
    Phase Error              (PE):    0.000ns

    Location             Delay type                Incr(ns)  Path(ns)    Netlist Resource(s)
  -------------------------------------------------------------------    -------------------
                         (clock sys_clk rise edge)    0.000     0.000 r  
                         input delay                  0.500     0.500    
    T3                                                0.000     0.500 r  sw[9] (IN)
                         net (fo=0)                   0.000     0.500    sw[9]
    T3                   IBUF (Prop_ibuf_I_O)         1.382     1.882 r  sw_IBUF[9]_inst/O
                         net (fo=1, routed)           3.662     5.544    u_switches/D[9]
    SLICE_X10Y16         FDRE                                         r  u_switches/sync_stage1_reg[9]/D
  -------------------------------------------------------------------    -------------------

                         (clock sys_clk rise edge)    0.000     0.000 r  
    W5                                                0.000     0.000 r  clk (IN)
                         net (fo=0)                   0.000     0.000    clk
    W5                   IBUF (Prop_ibuf_I_O)         1.458     1.458 r  clk_IBUF_inst/O
                         net (fo=1, routed)           1.967     3.425    clk_IBUF
    BUFGCTRL_X0Y0        BUFG (Prop_bufg_I_O)         0.096     3.521 r  clk_IBUF_BUFG_inst/O
                         net (fo=174, routed)         1.561     5.082    u_switches/CLK
    SLICE_X10Y16         FDRE                                         r  u_switches/sync_stage1_reg[9]/C
                         clock pessimism              0.000     5.082    
                         clock uncertainty            0.061     5.144    
    SLICE_X10Y16         FDRE (Hold_fdre_C_D)         0.246     5.390    u_switches/sync_stage1_reg[9]
  -------------------------------------------------------------------
                         required time                         -5.390    
                         arrival time                           5.544    
  -------------------------------------------------------------------
                         slack                                  0.154    

Slack (MET) :             0.166ns  (arrival time - required time)
  Source:                 u_switches/sync_stage1_reg[0]/C
                            (rising edge-triggered cell FDRE clocked by sys_clk  {rise@0.000ns fall@10.000ns period=20.000ns})
  Destination:            u_switches/readData_reg[0]/D
                            (rising edge-triggered cell FDRE clocked by sys_clk  {rise@0.000ns fall@10.000ns period=20.000ns})
  Path Group:             sys_clk
  Path Type:              Hold (Min at Fast Process Corner)
  Requirement:            0.000ns  (sys_clk rise@0.000ns - sys_clk rise@0.000ns)
  Data Path Delay:        0.263ns  (logic 0.141ns (53.591%)  route 0.122ns (46.409%))
  Logic Levels:           0  
  Clock Path Skew:        0.013ns (DCD - SCD - CPR)
    Destination Clock Delay (DCD):    1.991ns
    Source Clock Delay      (SCD):    1.476ns
    Clock Pessimism Removal (CPR):    0.502ns

    Location             Delay type                Incr(ns)  Path(ns)    Netlist Resource(s)
  -------------------------------------------------------------------    -------------------
                         (clock sys_clk rise edge)    0.000     0.000 r  
    W5                                                0.000     0.000 r  clk (IN)
                         net (fo=0)                   0.000     0.000    clk
    W5                   IBUF (Prop_ibuf_I_O)         0.226     0.226 r  clk_IBUF_inst/O
                         net (fo=1, routed)           0.631     0.858    clk_IBUF
    BUFGCTRL_X0Y0        BUFG (Prop_bufg_I_O)         0.026     0.884 r  clk_IBUF_BUFG_inst/O
                         net (fo=174, routed)         0.593     1.476    u_switches/CLK
    SLICE_X3Y10          FDRE                                         r  u_switches/sync_stage1_reg[0]/C
  -------------------------------------------------------------------    -------------------
    SLICE_X3Y10          FDRE (Prop_fdre_C_Q)         0.141     1.617 r  u_switches/sync_stage1_reg[0]/Q
                         net (fo=1, routed)           0.122     1.739    u_switches/sync_stage1[0]
    SLICE_X2Y10          FDRE                                         r  u_switches/readData_reg[0]/D
  -------------------------------------------------------------------    -------------------

                         (clock sys_clk rise edge)    0.000     0.000 r  
    W5                                                0.000     0.000 r  clk (IN)
                         net (fo=0)                   0.000     0.000    clk
    W5                   IBUF (Prop_ibuf_I_O)         0.414     0.414 r  clk_IBUF_inst/O
                         net (fo=1, routed)           0.685     1.099    clk_IBUF
    BUFGCTRL_X0Y0        BUFG (Prop_bufg_I_O)         0.029     1.128 r  clk_IBUF_BUFG_inst/O
                         net (fo=174, routed)         0.864     1.991    u_switches/CLK
    SLICE_X2Y10          FDRE                                         r  u_switches/readData_reg[0]/C
                         clock pessimism             -0.502     1.489    
    SLICE_X2Y10          FDRE (Hold_fdre_C_D)         0.084     1.573    u_switches/readData_reg[0]
  -------------------------------------------------------------------
                         required time                         -1.573    
                         arrival time                           1.739    
  -------------------------------------------------------------------
                         slack                                  0.166    

Slack (MET) :             0.172ns  (arrival time - required time)
  Source:                 sw[15]
                            (input port clocked by sys_clk  {rise@0.000ns fall@10.000ns period=20.000ns})
  Destination:            u_switches/sync_stage1_reg[15]/D
                            (rising edge-triggered cell FDRE clocked by sys_clk  {rise@0.000ns fall@10.000ns period=20.000ns})
  Path Group:             sys_clk
  Path Type:              Hold (Min at Slow Process Corner)
  Requirement:            0.000ns  (sys_clk rise@0.000ns - sys_clk rise@0.000ns)
  Data Path Delay:        5.048ns  (logic 1.386ns (27.456%)  route 3.662ns (72.544%))
  Logic Levels:           1  (IBUF=1)
  Input Delay:            0.500ns
  Clock Path Skew:        5.082ns (DCD - SCD - CPR)
    Destination Clock Delay (DCD):    5.082ns
    Source Clock Delay      (SCD):    0.000ns
    Clock Pessimism Removal (CPR):    -0.000ns
  Clock Uncertainty:      0.061ns  ((TSJ^2 + TIJ^2)^1/2 + DJ) / 2 + PE
    Total System Jitter     (TSJ):    0.071ns
    Total Input Jitter      (TIJ):    0.100ns
    Discrete Jitter          (DJ):    0.000ns
    Phase Error              (PE):    0.000ns

    Location             Delay type                Incr(ns)  Path(ns)    Netlist Resource(s)
  -------------------------------------------------------------------    -------------------
                         (clock sys_clk rise edge)    0.000     0.000 r  
                         input delay                  0.500     0.500    
    R2                                                0.000     0.500 r  sw[15] (IN)
                         net (fo=0)                   0.000     0.500    sw[15]
    R2                   IBUF (Prop_ibuf_I_O)         1.386     1.886 r  sw_IBUF[15]_inst/O
                         net (fo=1, routed)           3.662     5.548    u_switches/D[15]
    SLICE_X10Y16         FDRE                                         r  u_switches/sync_stage1_reg[15]/D
  -------------------------------------------------------------------    -------------------

                         (clock sys_clk rise edge)    0.000     0.000 r  
    W5                                                0.000     0.000 r  clk (IN)
                         net (fo=0)                   0.000     0.000    clk
    W5                   IBUF (Prop_ibuf_I_O)         1.458     1.458 r  clk_IBUF_inst/O
                         net (fo=1, routed)           1.967     3.425    clk_IBUF
    BUFGCTRL_X0Y0        BUFG (Prop_bufg_I_O)         0.096     3.521 r  clk_IBUF_BUFG_inst/O
                         net (fo=174, routed)         1.561     5.082    u_switches/CLK
    SLICE_X10Y16         FDRE                                         r  u_switches/sync_stage1_reg[15]/C
                         clock pessimism              0.000     5.082    
                         clock uncertainty            0.061     5.144    
    SLICE_X10Y16         FDRE (Hold_fdre_C_D)         0.232     5.376    u_switches/sync_stage1_reg[15]
  -------------------------------------------------------------------
                         required time                         -5.376    
                         arrival time                           5.548    
  -------------------------------------------------------------------
                         slack                                  0.172    

Slack (MET) :             0.187ns  (arrival time - required time)
  Source:                 u_switches/sync_stage1_reg[10]/C
                            (rising edge-triggered cell FDRE clocked by sys_clk  {rise@0.000ns fall@10.000ns period=20.000ns})
  Destination:            u_switches/readData_reg[10]/D
                            (rising edge-triggered cell FDRE clocked by sys_clk  {rise@0.000ns fall@10.000ns period=20.000ns})
  Path Group:             sys_clk
  Path Type:              Hold (Min at Fast Process Corner)
  Requirement:            0.000ns  (sys_clk rise@0.000ns - sys_clk rise@0.000ns)
  Data Path Delay:        0.257ns  (logic 0.141ns (54.828%)  route 0.116ns (45.172%))
  Logic Levels:           0  
  Clock Path Skew:        0.000ns (DCD - SCD - CPR)
    Destination Clock Delay (DCD):    1.956ns
    Source Clock Delay      (SCD):    1.444ns
    Clock Pessimism Removal (CPR):    0.512ns

    Location             Delay type                Incr(ns)  Path(ns)    Netlist Resource(s)
  -------------------------------------------------------------------    -------------------
                         (clock sys_clk rise edge)    0.000     0.000 r  
    W5                                                0.000     0.000 r  clk (IN)
                         net (fo=0)                   0.000     0.000    clk
    W5                   IBUF (Prop_ibuf_I_O)         0.226     0.226 r  clk_IBUF_inst/O
                         net (fo=1, routed)           0.631     0.858    clk_IBUF
    BUFGCTRL_X0Y0        BUFG (Prop_bufg_I_O)         0.026     0.884 r  clk_IBUF_BUFG_inst/O
                         net (fo=174, routed)         0.561     1.444    u_switches/CLK
    SLICE_X11Y16         FDRE                                         r  u_switches/sync_stage1_reg[10]/C
  -------------------------------------------------------------------    -------------------
    SLICE_X11Y16         FDRE (Prop_fdre_C_Q)         0.141     1.585 r  u_switches/sync_stage1_reg[10]/Q
                         net (fo=1, routed)           0.116     1.701    u_switches/sync_stage1[10]
    SLICE_X11Y16         FDRE                                         r  u_switches/readData_reg[10]/D
  -------------------------------------------------------------------    -------------------

                         (clock sys_clk rise edge)    0.000     0.000 r  
    W5                                                0.000     0.000 r  clk (IN)
                         net (fo=0)                   0.000     0.000    clk
    W5                   IBUF (Prop_ibuf_I_O)         0.414     0.414 r  clk_IBUF_inst/O
                         net (fo=1, routed)           0.685     1.099    clk_IBUF
    BUFGCTRL_X0Y0        BUFG (Prop_bufg_I_O)         0.029     1.128 r  clk_IBUF_BUFG_inst/O
                         net (fo=174, routed)         0.829     1.956    u_switches/CLK
    SLICE_X11Y16         FDRE                                         r  u_switches/readData_reg[10]/C
                         clock pessimism             -0.512     1.444    
    SLICE_X11Y16         FDRE (Hold_fdre_C_D)         0.070     1.514    u_switches/readData_reg[10]
  -------------------------------------------------------------------
                         required time                         -1.514    
                         arrival time                           1.701    
  -------------------------------------------------------------------
                         slack                                  0.187    

Slack (MET) :             0.194ns  (arrival time - required time)
  Source:                 u_switches/sync_stage1_reg[11]/C
                            (rising edge-triggered cell FDRE clocked by sys_clk  {rise@0.000ns fall@10.000ns period=20.000ns})
  Destination:            u_switches/readData_reg[11]/D
                            (rising edge-triggered cell FDRE clocked by sys_clk  {rise@0.000ns fall@10.000ns period=20.000ns})
  Path Group:             sys_clk
  Path Type:              Hold (Min at Fast Process Corner)
  Requirement:            0.000ns  (sys_clk rise@0.000ns - sys_clk rise@0.000ns)
  Data Path Delay:        0.277ns  (logic 0.164ns (59.205%)  route 0.113ns (40.795%))
  Logic Levels:           0  
  Clock Path Skew:        0.013ns (DCD - SCD - CPR)
    Destination Clock Delay (DCD):    1.958ns
    Source Clock Delay      (SCD):    1.445ns
    Clock Pessimism Removal (CPR):    0.500ns

    Location             Delay type                Incr(ns)  Path(ns)    Netlist Resource(s)
  -------------------------------------------------------------------    -------------------
                         (clock sys_clk rise edge)    0.000     0.000 r  
    W5                                                0.000     0.000 r  clk (IN)
                         net (fo=0)                   0.000     0.000    clk
    W5                   IBUF (Prop_ibuf_I_O)         0.226     0.226 r  clk_IBUF_inst/O
                         net (fo=1, routed)           0.631     0.858    clk_IBUF
    BUFGCTRL_X0Y0        BUFG (Prop_bufg_I_O)         0.026     0.884 r  clk_IBUF_BUFG_inst/O
                         net (fo=174, routed)         0.562     1.445    u_switches/CLK
    SLICE_X10Y14         FDRE                                         r  u_switches/sync_stage1_reg[11]/C
  -------------------------------------------------------------------    -------------------
    SLICE_X10Y14         FDRE (Prop_fdre_C_Q)         0.164     1.609 r  u_switches/sync_stage1_reg[11]/Q
                         net (fo=1, routed)           0.113     1.722    u_switches/sync_stage1[11]
    SLICE_X11Y14         FDRE                                         r  u_switches/readData_reg[11]/D
  -------------------------------------------------------------------    -------------------

                         (clock sys_clk rise edge)    0.000     0.000 r  
    W5                                                0.000     0.000 r  clk (IN)
                         net (fo=0)                   0.000     0.000    clk
    W5                   IBUF (Prop_ibuf_I_O)         0.414     0.414 r  clk_IBUF_inst/O
                         net (fo=1, routed)           0.685     1.099    clk_IBUF
    BUFGCTRL_X0Y0        BUFG (Prop_bufg_I_O)         0.029     1.128 r  clk_IBUF_BUFG_inst/O
                         net (fo=174, routed)         0.831     1.958    u_switches/CLK
    SLICE_X11Y14         FDRE                                         r  u_switches/readData_reg[11]/C
                         clock pessimism             -0.500     1.458    
    SLICE_X11Y14         FDRE (Hold_fdre_C_D)         0.070     1.528    u_switches/readData_reg[11]
  -------------------------------------------------------------------
                         required time                         -1.528    
                         arrival time                           1.722    
  -------------------------------------------------------------------
                         slack                                  0.194    

Slack (MET) :             0.230ns  (arrival time - required time)
  Source:                 u_switches/sync_stage1_reg[5]/C
                            (rising edge-triggered cell FDRE clocked by sys_clk  {rise@0.000ns fall@10.000ns period=20.000ns})
  Destination:            u_switches/readData_reg[5]/D
                            (rising edge-triggered cell FDRE clocked by sys_clk  {rise@0.000ns fall@10.000ns period=20.000ns})
  Path Group:             sys_clk
  Path Type:              Hold (Min at Fast Process Corner)
  Requirement:            0.000ns  (sys_clk rise@0.000ns - sys_clk rise@0.000ns)
  Data Path Delay:        0.313ns  (logic 0.141ns (45.053%)  route 0.172ns (54.947%))
  Logic Levels:           0  
  Clock Path Skew:        0.017ns (DCD - SCD - CPR)
    Destination Clock Delay (DCD):    1.993ns
    Source Clock Delay      (SCD):    1.477ns
    Clock Pessimism Removal (CPR):    0.499ns

    Location             Delay type                Incr(ns)  Path(ns)    Netlist Resource(s)
  -------------------------------------------------------------------    -------------------
                         (clock sys_clk rise edge)    0.000     0.000 r  
    W5                                                0.000     0.000 r  clk (IN)
                         net (fo=0)                   0.000     0.000    clk
    W5                   IBUF (Prop_ibuf_I_O)         0.226     0.226 r  clk_IBUF_inst/O
                         net (fo=1, routed)           0.631     0.858    clk_IBUF
    BUFGCTRL_X0Y0        BUFG (Prop_bufg_I_O)         0.026     0.884 r  clk_IBUF_BUFG_inst/O
                         net (fo=174, routed)         0.594     1.477    u_switches/CLK
    SLICE_X0Y8           FDRE                                         r  u_switches/sync_stage1_reg[5]/C
  -------------------------------------------------------------------    -------------------
    SLICE_X0Y8           FDRE (Prop_fdre_C_Q)         0.141     1.618 r  u_switches/sync_stage1_reg[5]/Q
                         net (fo=1, routed)           0.172     1.790    u_switches/sync_stage1[5]
    SLICE_X0Y5           FDRE                                         r  u_switches/readData_reg[5]/D
  -------------------------------------------------------------------    -------------------

                         (clock sys_clk rise edge)    0.000     0.000 r  
    W5                                                0.000     0.000 r  clk (IN)
                         net (fo=0)                   0.000     0.000    clk
    W5                   IBUF (Prop_ibuf_I_O)         0.414     0.414 r  clk_IBUF_inst/O
                         net (fo=1, routed)           0.685     1.099    clk_IBUF
    BUFGCTRL_X0Y0        BUFG (Prop_bufg_I_O)         0.029     1.128 r  clk_IBUF_BUFG_inst/O
                         net (fo=174, routed)         0.866     1.993    u_switches/CLK
    SLICE_X0Y5           FDRE                                         r  u_switches/readData_reg[5]/C
                         clock pessimism             -0.499     1.494    
    SLICE_X0Y5           FDRE (Hold_fdre_C_D)         0.066     1.560    u_switches/readData_reg[5]
  -------------------------------------------------------------------
                         required time                         -1.560    
                         arrival time                           1.790    
  -------------------------------------------------------------------
                         slack                                  0.230    





Pulse Width Checks
--------------------------------------------------------------------------------------
Clock Name:         sys_clk
Waveform(ns):       { 0.000 10.000 }
Period(ns):         20.000
Sources:            { clk }

Check Type        Corner  Lib Pin             Reference Pin  Required(ns)  Actual(ns)  Slack(ns)  Location       Pin
Min Period        n/a     RAMB18E1/CLKARDCLK  n/a            2.944         20.000      17.056     RAMB18_X0Y2    u_datamem/mem_reg/CLKARDCLK
Min Period        n/a     RAMB18E1/CLKBWRCLK  n/a            2.944         20.000      17.056     RAMB18_X0Y2    u_datamem/mem_reg/CLKBWRCLK
Min Period        n/a     BUFG/I              n/a            2.155         20.000      17.845     BUFGCTRL_X0Y0  clk_IBUF_BUFG_inst/I
Min Period        n/a     FDRE/C              n/a            1.000         20.000      19.000     SLICE_X1Y3     u_debounce/pbout_reg/C
Min Period        n/a     FDRE/C              n/a            1.000         20.000      19.000     SLICE_X1Y2     u_debounce/prev_in_reg/C
Min Period        n/a     FDRE/C              n/a            1.000         20.000      19.000     SLICE_X0Y0     u_debounce/stable_cnt_reg[0]/C
Min Period        n/a     FDRE/C              n/a            1.000         20.000      19.000     SLICE_X0Y2     u_debounce/stable_cnt_reg[10]/C
Min Period        n/a     FDRE/C              n/a            1.000         20.000      19.000     SLICE_X0Y2     u_debounce/stable_cnt_reg[11]/C
Min Period        n/a     FDRE/C              n/a            1.000         20.000      19.000     SLICE_X0Y3     u_debounce/stable_cnt_reg[12]/C
Min Period        n/a     FDRE/C              n/a            1.000         20.000      19.000     SLICE_X0Y3     u_debounce/stable_cnt_reg[13]/C
Low Pulse Width   Fast    RAMD32/CLK          n/a            1.250         10.000      8.750      SLICE_X2Y4     u_processor/u_regfile/regs_reg_r1_0_31_0_5/RAMA/CLK
Low Pulse Width   Fast    RAMD32/CLK          n/a            1.250         10.000      8.750      SLICE_X2Y4     u_processor/u_regfile/regs_reg_r1_0_31_0_5/RAMA_D1/CLK
Low Pulse Width   Fast    RAMD32/CLK          n/a            1.250         10.000      8.750      SLICE_X2Y5     u_processor/u_regfile/regs_reg_r2_0_31_0_5/RAMA/CLK
Low Pulse Width   Fast    RAMD32/CLK          n/a            1.250         10.000      8.750      SLICE_X2Y5     u_processor/u_regfile/regs_reg_r2_0_31_0_5/RAMA_D1/CLK
Low Pulse Width   Fast    RAMD32/CLK          n/a            1.250         10.000      8.750      SLICE_X2Y5     u_processor/u_regfile/regs_reg_r2_0_31_0_5/RAMB/CLK
Low Pulse Width   Fast    RAMD32/CLK          n/a            1.250         10.000      8.750      SLICE_X2Y5     u_processor/u_regfile/regs_reg_r2_0_31_0_5/RAMB_D1/CLK
Low Pulse Width   Fast    RAMD32/CLK          n/a            1.250         10.000      8.750      SLICE_X2Y5     u_processor/u_regfile/regs_reg_r2_0_31_0_5/RAMC/CLK
Low Pulse Width   Fast    RAMD32/CLK          n/a            1.250         10.000      8.750      SLICE_X2Y5     u_processor/u_regfile/regs_reg_r2_0_31_0_5/RAMC_D1/CLK
Low Pulse Width   Fast    RAMS32/CLK          n/a            1.250         10.000      8.750      SLICE_X2Y5     u_processor/u_regfile/regs_reg_r2_0_31_0_5/RAMD/CLK
Low Pulse Width   Fast    RAMS32/CLK          n/a            1.250         10.000      8.750      SLICE_X2Y5     u_processor/u_regfile/regs_reg_r2_0_31_0_5/RAMD_D1/CLK
High Pulse Width  Slow    RAMD32/CLK          n/a            1.250         10.000      8.750      SLICE_X6Y7     u_processor/u_regfile/regs_reg_r1_0_31_30_31/RAMA/CLK
High Pulse Width  Slow    RAMD32/CLK          n/a            1.250         10.000      8.750      SLICE_X6Y7     u_processor/u_regfile/regs_reg_r1_0_31_30_31/RAMA_D1/CLK
High Pulse Width  Slow    RAMD32/CLK          n/a            1.250         10.000      8.750      SLICE_X6Y7     u_processor/u_regfile/regs_reg_r1_0_31_30_31/RAMB/CLK
High Pulse Width  Slow    RAMD32/CLK          n/a            1.250         10.000      8.750      SLICE_X6Y7     u_processor/u_regfile/regs_reg_r1_0_31_30_31/RAMB_D1/CLK
High Pulse Width  Slow    RAMD32/CLK          n/a            1.250         10.000      8.750      SLICE_X6Y7     u_processor/u_regfile/regs_reg_r1_0_31_30_31/RAMC/CLK
High Pulse Width  Slow    RAMD32/CLK          n/a            1.250         10.000      8.750      SLICE_X6Y7     u_processor/u_regfile/regs_reg_r1_0_31_30_31/RAMC_D1/CLK
High Pulse Width  Slow    RAMS32/CLK          n/a            1.250         10.000      8.750      SLICE_X6Y7     u_processor/u_regfile/regs_reg_r1_0_31_30_31/RAMD/CLK
High Pulse Width  Slow    RAMS32/CLK          n/a            1.250         10.000      8.750      SLICE_X6Y7     u_processor/u_regfile/regs_reg_r1_0_31_30_31/RAMD_D1/CLK
High Pulse Width  Slow    RAMD32/CLK          n/a            1.250         10.000      8.750      SLICE_X2Y4     u_processor/u_regfile/regs_reg_r1_0_31_0_5/RAMA/CLK
High Pulse Width  Slow    RAMD32/CLK          n/a            1.250         10.000      8.750      SLICE_X2Y4     u_processor/u_regfile/regs_reg_r1_0_31_0_5/RAMA_D1/CLK



