INFO: [VRFC 10-2263] Analyzing Verilog file "C:/Users/drali/Downloads/Pieplined_RISCV/Pieplined_RISCV.srcs/sources_1/new/ALU.v" into library xil_defaultlib
INFO: [VRFC 10-311] analyzing module ALU
INFO: [VRFC 10-2263] Analyzing Verilog file "C:/Users/drali/Downloads/Pieplined_RISCV/Pieplined_RISCV.srcs/sources_1/new/ALUControl.v" into library xil_defaultlib
INFO: [VRFC 10-311] analyzing module ALUControl
INFO: [VRFC 10-2263] Analyzing Verilog file "C:/Users/drali/Downloads/Pieplined_RISCV/Pieplined_RISCV.srcs/sources_1/new/DataMemory.v" into library xil_defaultlib
INFO: [VRFC 10-311] analyzing module DataMemory
INFO: [VRFC 10-2263] Analyzing Verilog file "C:/Users/drali/Downloads/Pieplined_RISCV/Pieplined_RISCV.srcs/sources_1/new/EX_MEM_Reg.v" into library xil_defaultlib
INFO: [VRFC 10-311] analyzing module EX_MEM_Reg
INFO: [VRFC 10-2263] Analyzing Verilog file "C:/Users/drali/Downloads/Pieplined_RISCV/Pieplined_RISCV.srcs/sources_1/new/ForwardingUnit.v" into library xil_defaultlib
INFO: [VRFC 10-311] analyzing module ForwardingUnit
INFO: [VRFC 10-2263] Analyzing Verilog file "C:/Users/drali/Downloads/Pieplined_RISCV/Pieplined_RISCV.srcs/sources_1/new/FullAdder.v" into library xil_defaultlib
INFO: [VRFC 10-311] analyzing module FullAdder
INFO: [VRFC 10-2263] Analyzing Verilog file "C:/Users/drali/Downloads/Pieplined_RISCV/Pieplined_RISCV.srcs/sources_1/new/HazardDetectionUnit.v" into library xil_defaultlib
INFO: [VRFC 10-311] analyzing module HazardDetectionUnit
INFO: [VRFC 10-2263] Analyzing Verilog file "C:/Users/drali/Downloads/Pieplined_RISCV/Pieplined_RISCV.srcs/sources_1/new/ID_EX_Reg.v" into library xil_defaultlib
INFO: [VRFC 10-311] analyzing module ID_EX_Reg
INFO: [VRFC 10-2263] Analyzing Verilog file "C:/Users/drali/Downloads/Pieplined_RISCV/Pieplined_RISCV.srcs/sources_1/new/IF_ID_Reg.v" into library xil_defaultlib
INFO: [VRFC 10-311] analyzing module IF_ID_Reg
INFO: [VRFC 10-2263] Analyzing Verilog file "C:/Users/drali/Downloads/Pieplined_RISCV/Pieplined_RISCV.srcs/sources_1/new/InstructionMemory.v" into library xil_defaultlib
INFO: [VRFC 10-311] analyzing module InstructionMemory
INFO: [VRFC 10-2263] Analyzing Verilog file "C:/Users/drali/Downloads/Pieplined_RISCV/Pieplined_RISCV.srcs/sources_1/new/MEM_WB_Reg.v" into library xil_defaultlib
INFO: [VRFC 10-311] analyzing module MEM_WB_Reg
INFO: [VRFC 10-2263] Analyzing Verilog file "C:/Users/drali/Downloads/Pieplined_RISCV/Pieplined_RISCV.srcs/sources_1/new/MainControl.v" into library xil_defaultlib
INFO: [VRFC 10-311] analyzing module MainControl
INFO: [VRFC 10-2263] Analyzing Verilog file "C:/Users/drali/Downloads/Pieplined_RISCV/Pieplined_RISCV.srcs/sources_1/new/ProgramCounter.v" into library xil_defaultlib
INFO: [VRFC 10-311] analyzing module ProgramCounter
INFO: [VRFC 10-2263] Analyzing Verilog file "C:/Users/drali/Downloads/Pieplined_RISCV/Pieplined_RISCV.srcs/sources_1/new/RegisterFile.v" into library xil_defaultlib
INFO: [VRFC 10-311] analyzing module RegisterFile
INFO: [VRFC 10-2263] Analyzing Verilog file "C:/Users/drali/Downloads/Pieplined_RISCV/Pieplined_RISCV.srcs/sources_1/new/branchAdder.v" into library xil_defaultlib
INFO: [VRFC 10-311] analyzing module branchAdder
INFO: [VRFC 10-2263] Analyzing Verilog file "C:/Users/drali/Downloads/Pieplined_RISCV/Pieplined_RISCV.srcs/sources_1/new/clock_divider.v" into library xil_defaultlib
INFO: [VRFC 10-311] analyzing module clock_divider
INFO: [VRFC 10-2263] Analyzing Verilog file "C:/Users/drali/Downloads/Pieplined_RISCV/Pieplined_RISCV.srcs/sources_1/new/immGen.v" into library xil_defaultlib
INFO: [VRFC 10-311] analyzing module immGen
INFO: [VRFC 10-2263] Analyzing Verilog file "C:/Users/drali/Downloads/Pieplined_RISCV/Pieplined_RISCV.srcs/sources_1/new/mux2.v" into library xil_defaultlib
INFO: [VRFC 10-311] analyzing module mux2
INFO: [VRFC 10-2263] Analyzing Verilog file "C:/Users/drali/Downloads/Pieplined_RISCV/Pieplined_RISCV.srcs/sources_1/new/pcAdder.v" into library xil_defaultlib
INFO: [VRFC 10-311] analyzing module pcAdder
INFO: [VRFC 10-2263] Analyzing Verilog file "C:/Users/drali/Downloads/Pieplined_RISCV/Pieplined_RISCV.srcs/sources_1/new/TopLevelPipelined.v" into library xil_defaultlib
INFO: [VRFC 10-311] analyzing module TopLevelPipelined
INFO: [VRFC 10-2263] Analyzing Verilog file "C:/Users/drali/Downloads/Pieplined_RISCV/Pieplined_RISCV.srcs/sources_1/new/TopLevelProcessor.v" into library xil_defaultlib
INFO: [VRFC 10-311] analyzing module TopLevelProcessor
INFO: [VRFC 10-2263] Analyzing Verilog file "C:/Users/drali/Downloads/Pieplined_RISCV/Pieplined_RISCV.srcs/sources_1/new/mux3.v" into library xil_defaultlib
INFO: [VRFC 10-311] analyzing module mux3
INFO: [VRFC 10-2263] Analyzing Verilog file "C:/Users/drali/Downloads/Pieplined_RISCV/Pieplined_RISCV.srcs/sim_1/new/tb_IF_ID_Reg.v" into library xil_defaultlib
INFO: [VRFC 10-311] analyzing module tb_IF_ID_Reg
INFO: [VRFC 10-2263] Analyzing Verilog file "C:/Users/drali/Downloads/Pieplined_RISCV/Pieplined_RISCV.srcs/sim_1/new/tb_ID_EX_Reg.v" into library xil_defaultlib
INFO: [VRFC 10-311] analyzing module tb_ID_EX_Reg
INFO: [VRFC 10-2263] Analyzing Verilog file "C:/Users/drali/Downloads/Pieplined_RISCV/Pieplined_RISCV.srcs/sim_1/new/tb_EX_MEM_Reg.v" into library xil_defaultlib
INFO: [VRFC 10-311] analyzing module tb_EX_MEM_Reg
INFO: [VRFC 10-2263] Analyzing Verilog file "C:/Users/drali/Downloads/Pieplined_RISCV/Pieplined_RISCV.srcs/sim_1/new/tb_MEM_WB_Reg.v" into library xil_defaultlib
INFO: [VRFC 10-311] analyzing module tb_MEM_WB_Reg
INFO: [VRFC 10-2263] Analyzing Verilog file "C:/Users/drali/Downloads/Pieplined_RISCV/Pieplined_RISCV.srcs/sim_1/new/tb_TopLevelPipelined.v" into library xil_defaultlib
INFO: [VRFC 10-311] analyzing module tb_TopLevelPipelined
INFO: [VRFC 10-2263] Analyzing Verilog file "C:/Users/drali/Downloads/Pieplined_RISCV/Pieplined_RISCV.srcs/sim_1/new/tb_TopLevelProcessor.v" into library xil_defaultlib
INFO: [VRFC 10-311] analyzing module tb_TopLevelProcessor
INFO: [VRFC 10-2263] Analyzing Verilog file "C:/Users/drali/Downloads/Pieplined_RISCV/Pieplined_RISCV.srcs/sim_1/new/tb_RISCV_demo.v" into library xil_defaultlib
WARNING: [VRFC 10-3507] macro 'TIMEOUT' redefined [C:/Users/drali/Downloads/Pieplined_RISCV/Pieplined_RISCV.srcs/sim_1/new/tb_RISCV_demo.v:58]
INFO: [VRFC 10-311] analyzing module tb_RISCV_demo
